// Jest Snapshot v1, https://goo.gl/fbAQLP

exports[`functionality of multiple functions renders correctly 1`] = `
<View>
  <Text>
    0
  </Text>
</View>
`;
